// Jest Snapshot v1, https://goo.gl/fbAQLP

exports[`AskQueryPage renders without crashing 1`] = `
<div
  className="container"
>
  <div
    className="row"
  >
    <div
      className="col-xs-12"
    >
      <br />
      <h3>
        Ask query:
      </h3>
      <hr />
    </div>
    <div
      className="col-xs-11"
    >
      <div
        className=""
      >
        <div
          className="panel-body"
        >
          <div
            className="container"
          >
            <div
              className="row"
            >
              <div
                className="col-xs-8 col-xs-offset-1"
              >
                <form
                  onSubmit={[Function]}
                >
                  <div
                    className="form-group"
                  >
                    <p>
                      Choose course:
                    </p>
                    <select
                      className="form-control"
                      id="subject-selector"
                      name="subject-selector"
                      onChange={[Function]}
                      type="subject-selector"
                      value="chooseCourse"
                    >
                      <option
                        value="chooseCourse"
                      >
                        Choose course
                      </option>
                    </select>
                  </div>
                  <div
                    className="form-group"
                  >
                    <p>
                      Name:
                    </p>
                    <input
                      className="form-control"
                      id="name"
                      onChange={[Function]}
                      placeholder="Name"
                      type="text"
                      value=""
                    />
                  </div>
                  <div
                    className="form-group"
                  >
                    <p>
                      Short description: 
                    </p>
                    <textarea
                      className="form-control"
                      id="description"
                      onChange={[Function]}
                      placeholder="Description"
                      type="text"
                      value=""
                    />
                  </div>
                  <button
                    className="btn btn-info hCenter formButtonMargin mediumButton"
                    type="submit"
                  >
                    Start adding questions
                  </button>
                </form>
              </div>
            </div>
          </div>
        </div>
        <hr />
      </div>
    </div>
    <div
      className="col-xs-8"
    />
    <div
      className="col-xs-4"
    />
  </div>
</div>
`;
