// Jest Snapshot v1, https://goo.gl/fbAQLP

exports[`ChangePasswordPage renders without crashing 1`] = `
<div
  className="container"
>
  <div
    className="row"
  >
    <div
      className="col-xs-12"
    >
      <h3>
        Change Password
      </h3>
      <hr />
    </div>
  </div>
  <div
    className="row"
  >
    <div
      className="col-xs-12"
    >
      <form
        onSubmit={[Function]}
      >
        <div>
          <div
            className="sp-change-password-form"
          >
            <div
              className="row"
            >
              <span />
              <div
                className="col-xs-12"
                data-spIf="!form.sent"
              >
                <div
                  className="form-horizontal"
                >
                  <div
                    className="form-group"
                  >
                    <label
                      className="col-xs-12 col-sm-4 control-label"
                      htmlFor="spPassword"
                    >
                      New Password
                    </label>
                    <div
                      className="col-xs-12 col-sm-4"
                    >
                      <input
                        className="form-control"
                        defaultValue=""
                        id="spPassword"
                        name="password"
                        onChange={[Function]}
                        placeholder="New Password"
                        required={true}
                        type="password"
                      />
                    </div>
                  </div>
                  <div
                    className="form-group"
                  >
                    <label
                      className="col-xs-12 col-sm-4 control-label"
                      htmlFor="spConfirmPassword"
                    >
                      Confirm New Password
                    </label>
                    <div
                      className="col-xs-12 col-sm-4"
                    >
                      <input
                        className="form-control"
                        defaultValue=""
                        id="spConfirmPassword"
                        name="confirmPassword"
                        onChange={[Function]}
                        placeholder="Confirm New Password"
                        required={true}
                        type="password"
                      />
                    </div>
                  </div>
                  <div
                    className="form-group"
                  >
                    <div
                      className="col-sm-offset-4 col-sm-4"
                    >
                      <span />
                      <button
                        className="btn btn-primary"
                        disabled={false}
                        type="submit"
                      >
                        <span />
                        <span
                          data-spIf="!form.processing"
                        >
                          Set New Password
                        </span>
                      </button>
                    </div>
                  </div>
                </div>
              </div>
            </div>
          </div>
        </div>
      </form>
    </div>
  </div>
</div>
`;
