// Jest Snapshot v1, https://goo.gl/fbAQLP

exports[`CoursesPage renders without crashing 1`] = `
<div
  className="container"
>
  <div
    className="row"
  >
    <div
      className="col-xs-12"
    >
      <br />
      <h3>
        Courses:
      </h3>
      <hr />
    </div>
    <div
      className="col-xs-6"
    >
      <div
        className="panel panel-info border-left"
      >
        <div
          className="panel-heading"
        >
          <h3
            className="panel-title"
          >
            <svg
              className="vCenterIcon"
              fill="currentColor"
              height={20}
              preserveAspectRatio="xMidYMid meet"
              style={
                Object {
                  "color": undefined,
                  "verticalAlign": "middle",
                }
              }
              viewBox="0 0 40 40"
              width={20}
            >
              <g>
                <path
                  d="m31.6 21.6v-3.2h3.4v3.2h-3.4z m0-10h3.4v3.4h-3.4v-3.4z m0 16.8v-3.4h3.4v3.4h-3.4z m-26.6 0v-3.4h23.4v3.4h-23.4z m0-6.8v-3.2h23.4v3.2h-23.4z m0-6.6v-3.4h23.4v3.4h-23.4z"
                />
              </g>
            </svg>
             Your courses:
          </h3>
        </div>
        <div
          className="panel-body"
        >
          <ul
            className="list-group"
          />
        </div>
      </div>
    </div>
    <div
      className="col-xs-6"
    >
      <div
        className="panel panel-info"
      >
        <div
          className="panel-heading"
        >
          <h3
            className="panel-title"
          >
            <svg
              className="vCenterIcon"
              fill="currentColor"
              height={18}
              preserveAspectRatio="xMidYMid meet"
              style={
                Object {
                  "color": undefined,
                  "verticalAlign": "middle",
                }
              }
              viewBox="0 0 40 40"
              width={18}
            >
              <g>
                <path
                  d="m15.9 23.4c4.1 0 7.5-3.4 7.5-7.5s-3.4-7.5-7.5-7.5-7.5 3.3-7.5 7.5 3.3 7.5 7.5 7.5z m10 0l8.2 8.2-2.5 2.5-8.2-8.2v-1.4l-0.5-0.4c-1.9 1.6-4.4 2.5-7 2.5-6.1 0-10.9-4.7-10.9-10.7s4.8-10.9 10.9-10.9 10.7 4.8 10.7 10.9c0 2.6-0.9 5.1-2.5 7l0.4 0.5h1.4z"
                />
              </g>
            </svg>
             Find courses:
          </h3>
        </div>
        <div
          className="panel-body"
        >
          <h5>
            Search for course by name or course code:
          </h5>
          <input
            className="form-control"
            id="exampleInputEmail1"
            onChange={[Function]}
            placeholder="Course code"
            type="text"
            value=""
          />
          <br />
          <ul
            className="list-group"
          />
        </div>
      </div>
    </div>
  </div>
</div>
`;
