// Jest Snapshot v1, https://goo.gl/fbAQLP

exports[`Footer renders without crashing 1`] = `
<footer
  className="footer"
>
  <div
    className="container"
  >
    <div
      className="row"
    >
      <div
        className="col-xs-8 col-xs-offset-1"
      >
        <span
          className="text-muted"
        >
          Here we will put information regarding our site
        </span>
      </div>
    </div>
  </div>
</footer>
`;
