// Jest Snapshot v1, https://goo.gl/fbAQLP

exports[`IndexPage renders without crashing 1`] = `
<div
  className="container"
>
  <div
    className="row"
  >
    <div
      className="notAuthenticated"
      style={
        Object {
          "display": "inline-block",
        }
      }
    >
      <div
        className="col-xs-12"
      >
        <div
          className="jumbotron"
        >
          <div
            className="row"
          >
            <div
              className="col-xs-2 col-xs-offset-1"
            >
              <svg
                fill="currentColor"
                height={150}
                preserveAspectRatio="xMidYMid meet"
                style={
                  Object {
                    "color": "#4C5760",
                    "verticalAlign": "middle",
                  }
                }
                viewBox="0 0 40 40"
                width={150}
              >
                <g>
                  <path
                    d="m31.4 17.1q0 3.1-2.1 5.8t-5.7 4.1-7.9 1.6q-1.9 0-3.9-0.4-2.8 2-6.2 2.9-0.8 0.2-1.9 0.3h-0.1q-0.3 0-0.5-0.2t-0.2-0.4q0-0.1 0-0.2t0-0.1 0-0.1l0.1-0.2 0-0.1 0.1-0.1 0.1-0.1 0.1-0.1q0.1-0.1 0.5-0.6t0.6-0.6 0.5-0.7 0.6-0.8 0.4-1q-2.7-1.6-4.3-4t-1.6-5q0-3.1 2.1-5.7t5.7-4.2 7.9-1.5 7.9 1.5 5.7 4.2 2.1 5.7z m8.6 5.8q0 2.6-1.6 5t-4.3 3.9q0.2 0.5 0.4 1t0.6 0.8 0.5 0.7 0.6 0.7 0.5 0.5q0 0 0.1 0.1t0.1 0.1 0.1 0.1 0 0.2l0.1 0.1 0 0.1 0 0.1 0 0.2q0 0.3-0.3 0.5t-0.5 0.1q-1.1-0.1-1.9-0.3-3.4-0.9-6.2-2.9-2 0.4-3.9 0.4-6.1 0-10.6-3 1.3 0.1 2 0.1 3.6 0 6.9-1t5.9-2.9q2.8-2 4.3-4.7t1.5-5.7q0-1.7-0.5-3.4 2.9 1.6 4.5 4t1.7 5.2z"
                  />
                </g>
              </svg>
            </div>
            <div
              className="col-xs-7 col-xs-offset-2"
            >
              <h2
                className="text-center"
              >
                EDUBOT - A feedback tool for students
              </h2>
              <br />
              <div
                className="vSpacing"
              >
                <svg
                  className="vCenterIcon"
                  fill="currentColor"
                  height={20}
                  preserveAspectRatio="xMidYMid meet"
                  style={
                    Object {
                      "color": "#4C5760",
                      "verticalAlign": "middle",
                    }
                  }
                  viewBox="0 0 40 40"
                  width={20}
                >
                  <g>
                    <path
                      d="m29.4 9.8l7.2 10.2-7.2 10.2c-0.6 0.9-1.7 1.4-2.8 1.4h-18.2c-1.8 0-3.4-1.4-3.4-3.2v-16.8c0-1.8 1.6-3.2 3.4-3.2h18.2c1.1 0 2.1 0.5 2.8 1.4z"
                    />
                  </g>
                </svg>
                <big>
                  Create a user, register for courses and start sending feedback.
                </big>
              </div>
              <div
                className="vSpacing"
              >
                <svg
                  className="vCenterIcon"
                  fill="currentColor"
                  height={20}
                  preserveAspectRatio="xMidYMid meet"
                  style={
                    Object {
                      "color": "#4C5760",
                      "verticalAlign": "middle",
                    }
                  }
                  viewBox="0 0 40 40"
                  width={20}
                >
                  <g>
                    <path
                      d="m29.4 9.8l7.2 10.2-7.2 10.2c-0.6 0.9-1.7 1.4-2.8 1.4h-18.2c-1.8 0-3.4-1.4-3.4-3.2v-16.8c0-1.8 1.6-3.2 3.4-3.2h18.2c1.1 0 2.1 0.5 2.8 1.4z"
                    />
                  </g>
                </svg>
                <big>
                  Choose a subject and tell your lecturer what you like and dislike.
                </big>
              </div>
              <div
                className="vSpacing"
              >
                <svg
                  className="vCenterIcon"
                  fill="currentColor"
                  height={20}
                  preserveAspectRatio="xMidYMid meet"
                  style={
                    Object {
                      "color": "#4C5760",
                      "verticalAlign": "middle",
                    }
                  }
                  viewBox="0 0 40 40"
                  width={20}
                >
                  <g>
                    <path
                      d="m29.4 9.8l7.2 10.2-7.2 10.2c-0.6 0.9-1.7 1.4-2.8 1.4h-18.2c-1.8 0-3.4-1.4-3.4-3.2v-16.8c0-1.8 1.6-3.2 3.4-3.2h18.2c1.1 0 2.1 0.5 2.8 1.4z"
                    />
                  </g>
                </svg>
                <big>
                  Rate courses, other feedback and improve your own experience. 
                </big>
              </div>
            </div>
          </div>
        </div>
      </div>
      <div
        className="col-xs-7"
      >
        <div
          className="panel panel-info"
        >
          <div
            className="panel-heading"
          >
            <h4
              className="text-center"
            >
              Get started!
            </h4>
          </div>
          <div
            className="panel-body"
          >
            <h5>
              Start sending feedback to your lecturers, right away!
            </h5>
            <p>
              <em>
                Create a user, sign up for courses and send feedback
              </em>
            </p>
            <a
              onClick={[Function]}
              style={Object {}}
            >
              <button
                className="btn btn-default"
              >
                REGISTER
              </button>
            </a>
          </div>
        </div>
      </div>
      <div
        className="col-xs-5"
      >
        <div
          className="panel panel-info"
        >
          <div
            className="panel-heading"
          >
            <h4
              className="text-center"
            >
              Already have a user?
            </h4>
          </div>
          <div
            className="panel-body"
          >
            <p>
              Let your lecturers know what you think, logg in and start sending feedback now.
            </p>
            <a
              onClick={[Function]}
              style={Object {}}
            >
              <button
                className="btn btn-default"
              >
                LOGG INN
              </button>
            </a>
          </div>
        </div>
      </div>
    </div>
  </div>
</div>
`;
