// Jest Snapshot v1, https://goo.gl/fbAQLP

exports[`LoginPage renders without crashing 1`] = `
ShallowWrapper {
  "complexSelector": ComplexSelector {
    "buildPredicate": [Function],
    "childrenOfNode": [Function],
    "findWhereUnwrapped": [Function],
  },
  "length": 1,
  "node": <SideEffect(DocumentTitle)
    title="Login"
>
    <div
        className="container"
    >
        <div
            className="row"
        >
            <div
                className="col-xs-12"
            >
                <h3>
                    Login
                </h3>
                <hr />
            </div>
        </div>
        <LoginForm />
    </div>
</SideEffect(DocumentTitle)>,
  "nodes": Array [
    <SideEffect(DocumentTitle)
      title="Login"
>
      <div
            className="container"
      >
            <div
                  className="row"
            >
                  <div
                        className="col-xs-12"
                  >
                        <h3>
                              Login
                        </h3>
                        <hr />
                  </div>
            </div>
            <LoginForm />
      </div>
</SideEffect(DocumentTitle)>,
  ],
  "options": Object {},
  "renderer": ReactShallowRenderer {
    "_instance": ShallowComponentWrapper {
      "_calledComponentWillUnmount": false,
      "_compositeType": 0,
      "_context": Object {},
      "_currentElement": <LoginPage />,
      "_debugID": 1,
      "_hostContainerInfo": null,
      "_hostParent": null,
      "_instance": LoginPage {
        "_reactInternalInstance": [Circular],
        "context": Object {},
        "props": Object {},
        "refs": Object {},
        "state": null,
        "updater": Object {
          "enqueueCallback": [Function],
          "enqueueCallbackInternal": [Function],
          "enqueueElementInternal": [Function],
          "enqueueForceUpdate": [Function],
          "enqueueReplaceState": [Function],
          "enqueueSetState": [Function],
          "isMounted": [Function],
          "validateCallback": [Function],
        },
      },
      "_mountOrder": 1,
      "_pendingCallbacks": null,
      "_pendingElement": null,
      "_pendingForceUpdate": false,
      "_pendingReplaceState": false,
      "_pendingStateQueue": null,
      "_renderedComponent": NoopInternalComponent {
        "_currentElement": <SideEffect(DocumentTitle)
          title="Login"
>
          <div
                    className="container"
          >
                    <div
                              className="row"
                    >
                              <div
                                        className="col-xs-12"
                              >
                                        <h3>
                                                  Login
                                        </h3>
                                        <hr />
                              </div>
                    </div>
                    <LoginForm />
          </div>
</SideEffect(DocumentTitle)>,
        "_debugID": 2,
        "_renderedOutput": <SideEffect(DocumentTitle)
          title="Login"
>
          <div
                    className="container"
          >
                    <div
                              className="row"
                    >
                              <div
                                        className="col-xs-12"
                              >
                                        <h3>
                                                  Login
                                        </h3>
                                        <hr />
                              </div>
                    </div>
                    <LoginForm />
          </div>
</SideEffect(DocumentTitle)>,
      },
      "_renderedNodeType": 1,
      "_rootNodeID": 0,
      "_topLevelWrapper": null,
      "_updateBatchNumber": null,
      "_warnedAboutRefsInRender": false,
    },
    "getRenderOutput": [Function],
    "render": [Function],
  },
  "root": [Circular],
  "unrendered": <LoginPage />,
}
`;
