// Jest Snapshot v1, https://goo.gl/fbAQLP

exports[`SendFeedbackPage renders without crashing 1`] = `
<div
  className="container"
  onSubmit={[Function]}
>
  <div
    className="row"
  >
    <div
      className="col-xs-10"
    >
      <br />
      <h3>
        Send Feedback
      </h3>
      <hr />
    </div>
  </div>
  <div
    className="col-xs-10"
  >
    <div
      className="form-group"
    >
      <div
        className="row"
      >
        <div
          className="col-xs-12 col-sm-12"
        >
          <p>
            Choose the course to give feedback: 
          </p>
          <select
            className="form-control"
            id="subject-selector"
            name="subject-selector"
            onChange={[Function]}
            type="subject-selector"
            value=""
          >
            <option
              value="chooseSubject"
            >
              Choose course
            </option>
          </select>
        </div>
      </div>
    </div>
    <div
      className="form-group"
    >
      <div
        className="row"
      >
        <div
          className="col-xs-12 col-sm-12"
        >
          <p>
            Choose the subject to give feedback: 
          </p>
          <select
            className="form-control"
            id="subject-selector"
            name="subject-selector"
            onChange={[Function]}
            type="subject-selector"
            value=""
          >
            <option
              value="chooseSubject"
            >
              Choose subject
            </option>
            <option
              value="Lecture"
            >
              Lecture
            </option>
            <option
              value="Curriculum"
            >
              Curriculum
            </option>
            <option
              value="Assignments"
            >
              Assignments
            </option>
            <option
              value="Other"
            >
              Other
            </option>
          </select>
        </div>
      </div>
    </div>
    <div
      className="form-group"
    >
      <div
        className="row"
      >
        <div
          className="col-xs-12"
        >
          <textarea
            className="form-control"
            id="feedback"
            name="feedback"
            onChange={[Function]}
            placeholder="Write your positive feedback here... "
            type="feedback"
            value=""
          />
        </div>
      </div>
    </div>
    <div
      className="form-group"
    >
      <div
        className="row"
      >
        <div
          className="col-xs-12"
        >
          <textarea
            className="form-control"
            id="feedback"
            name="feedback"
            onChange={[Function]}
            placeholder="Write your negative feedback here... "
            type="feedback"
            value=""
          />
        </div>
      </div>
    </div>
    <p>
       How would you rate the quality of this issue: 
    </p>
    <form
      className="form-inline"
      onSubmit={[Function]}
    >
      <div
        className="radio"
        style={
          Object {
            "marginBottom": "1vh",
            "marginLeft": "1vh",
          }
        }
      >
        <label>
          <input
            checked={false}
            onChange={[Function]}
            type="radio"
            value="1"
          />
          1
        </label>
      </div>
      <div
        className="radio"
        style={
          Object {
            "marginBottom": "1vh",
            "marginLeft": "1vh",
          }
        }
      >
        <label>
          <input
            checked={false}
            onChange={[Function]}
            type="radio"
            value="2"
          />
          2
        </label>
      </div>
      <div
        className="radio"
        style={
          Object {
            "marginBottom": "1vh",
            "marginLeft": "1vh",
          }
        }
      >
        <label>
          <input
            checked={false}
            onChange={[Function]}
            type="radio"
            value="3"
          />
          3
        </label>
      </div>
      <div
        className="radio"
        style={
          Object {
            "marginBottom": "1vh",
            "marginLeft": "1vh",
          }
        }
      >
        <label>
          <input
            checked={false}
            onChange={[Function]}
            type="radio"
            value="4"
          />
          4
        </label>
      </div>
      <div
        className="radio"
        style={
          Object {
            "marginBottom": "1vh",
            "marginLeft": "1vh",
          }
        }
      >
        <label>
          <input
            checked={false}
            onChange={[Function]}
            type="radio"
            value="5"
          />
          5
        </label>
      </div>
    </form>
    <div
      className="form-group"
    >
      <button
        className="btn btn-primary"
        onClick={[Function]}
        type="submit"
      >
        Submit
      </button>
    </div>
  </div>
</div>
`;

exports[`renders without crashing 1`] = `
<div
  className="container"
  onSubmit={[Function]}
>
  <div
    className="row"
  >
    <div
      className="col-xs-10"
    >
      <br />
      <h3>
        Send Feedback
      </h3>
      <hr />
    </div>
  </div>
  <div
    className="col-xs-10"
  >
    <div
      className="form-group"
    >
      <div
        className="row"
      >
        <div
          className="col-xs-12 col-sm-12"
        >
          <p>
            Choose the course to give feedback: 
          </p>
          <select
            className="form-control"
            id="subject-selector"
            name="subject-selector"
            onChange={[Function]}
            type="subject-selector"
            value=""
          >
            <option
              value="chooseSubject"
            >
              Choose course
            </option>
          </select>
        </div>
      </div>
    </div>
    <div
      className="form-group"
    >
      <div
        className="row"
      >
        <div
          className="col-xs-12 col-sm-12"
        >
          <p>
            Choose the subject to give feedback: 
          </p>
          <select
            className="form-control"
            id="subject-selector"
            name="subject-selector"
            onChange={[Function]}
            type="subject-selector"
            value=""
          >
            <option
              value="chooseSubject"
            >
              Choose subject
            </option>
            <option
              value="Lecture"
            >
              Lecture
            </option>
            <option
              value="Curriculum"
            >
              Curriculum
            </option>
            <option
              value="Assignments"
            >
              Assignments
            </option>
            <option
              value="Other"
            >
              Other
            </option>
          </select>
        </div>
      </div>
    </div>
    <div
      className="form-group"
    >
      <div
        className="row"
      >
        <div
          className="col-xs-12"
        >
          <textarea
            className="form-control"
            id="feedback"
            name="feedback"
            onChange={[Function]}
            placeholder="Write your positive feedback here... "
            type="feedback"
            value=""
          />
        </div>
      </div>
    </div>
    <div
      className="form-group"
    >
      <div
        className="row"
      >
        <div
          className="col-xs-12"
        >
          <textarea
            className="form-control"
            id="feedback"
            name="feedback"
            onChange={[Function]}
            placeholder="Write your negative feedback here... "
            type="feedback"
            value=""
          />
        </div>
      </div>
    </div>
    <p>
       How would you rate the quality of this issue: 
    </p>
    <form
      className="form-inline"
      onSubmit={[Function]}
    >
      <div
        className="radio"
        style={
          Object {
            "marginBottom": "1vh",
            "marginLeft": "1vh",
          }
        }
      >
        <label>
          <input
            checked={false}
            onChange={[Function]}
            type="radio"
            value="1"
          />
          1
        </label>
      </div>
      <div
        className="radio"
        style={
          Object {
            "marginBottom": "1vh",
            "marginLeft": "1vh",
          }
        }
      >
        <label>
          <input
            checked={false}
            onChange={[Function]}
            type="radio"
            value="2"
          />
          2
        </label>
      </div>
      <div
        className="radio"
        style={
          Object {
            "marginBottom": "1vh",
            "marginLeft": "1vh",
          }
        }
      >
        <label>
          <input
            checked={false}
            onChange={[Function]}
            type="radio"
            value="3"
          />
          3
        </label>
      </div>
      <div
        className="radio"
        style={
          Object {
            "marginBottom": "1vh",
            "marginLeft": "1vh",
          }
        }
      >
        <label>
          <input
            checked={false}
            onChange={[Function]}
            type="radio"
            value="4"
          />
          4
        </label>
      </div>
      <div
        className="radio"
        style={
          Object {
            "marginBottom": "1vh",
            "marginLeft": "1vh",
          }
        }
      >
        <label>
          <input
            checked={false}
            onChange={[Function]}
            type="radio"
            value="5"
          />
          5
        </label>
      </div>
    </form>
    <div
      className="form-group"
    >
      <button
        className="btn btn-primary"
        onClick={[Function]}
        type="submit"
      >
        Submit
      </button>
    </div>
  </div>
</div>
`;
