// Jest Snapshot v1, https://goo.gl/fbAQLP

exports[`SingleQueries renders without crashing 1`] = `
ShallowWrapper {
  "complexSelector": ComplexSelector {
    "buildPredicate": [Function],
    "childrenOfNode": [Function],
    "findWhereUnwrapped": [Function],
  },
  "length": 1,
  "node": <div
    className="panel panel-info removePadding"
>
    <div
        className="panel-body removePadding"
    >
        <div
            className="container-fluid"
        >
            <div
                className="row"
            >
                <div
                    className="col-xs-12 removePadding"
                >
                    <ul
                        className="list-group removeMargin"
                    >
                        <div>
                            <li
                                className="list-group-item"
                            >
                                <strong />
                            </li>
                            <select
                                className="form-control"
                                id="alternative-selector"
                                name="alternative-selector"
                                onChange={[Function]}
                                type="alternative-selector"
                            >
                                <option
                                    value="chooseAnswer"
                                >
                                    Choose an answer
                                </option>
                            </select>
                        </div>
                    </ul>
                </div>
            </div>
        </div>
    </div>
</div>,
  "nodes": Array [
    <div
      className="panel panel-info removePadding"
>
      <div
            className="panel-body removePadding"
      >
            <div
                  className="container-fluid"
            >
                  <div
                        className="row"
                  >
                        <div
                              className="col-xs-12 removePadding"
                        >
                              <ul
                                    className="list-group removeMargin"
                              >
                                    <div>
                                          <li
                                                className="list-group-item"
                                          >
                                                <strong />
                                          </li>
                                          <select
                                                className="form-control"
                                                id="alternative-selector"
                                                name="alternative-selector"
                                                onChange={[Function]}
                                                type="alternative-selector"
                                          >
                                                <option
                                                      value="chooseAnswer"
                                                >
                                                      Choose an answer
                                                </option>
                                          </select>
                                    </div>
                              </ul>
                        </div>
                  </div>
            </div>
      </div>
</div>,
  ],
  "options": Object {},
  "renderer": ReactShallowRenderer {
    "_instance": ShallowComponentWrapper {
      "_calledComponentWillUnmount": false,
      "_compositeType": 0,
      "_context": Object {},
      "_currentElement": <SingleQueries
        queries={
                Object {
                        "answers": "Testing answers",
                      }
        }
/>,
      "_debugID": 1,
      "_hostContainerInfo": null,
      "_hostParent": null,
      "_instance": SingleQueries {
        "_reactInternalInstance": [Circular],
        "context": Object {
          "user": undefined,
        },
        "props": Object {
          "queries": Object {
            "answers": "Testing answers",
          },
        },
        "refs": Object {},
        "state": Object {
          "answers": "Testing answers",
          "myAlternatives": Array [],
        },
        "updater": Object {
          "enqueueCallback": [Function],
          "enqueueCallbackInternal": [Function],
          "enqueueElementInternal": [Function],
          "enqueueForceUpdate": [Function],
          "enqueueReplaceState": [Function],
          "enqueueSetState": [Function],
          "isMounted": [Function],
          "validateCallback": [Function],
        },
      },
      "_mountOrder": 1,
      "_pendingCallbacks": null,
      "_pendingElement": null,
      "_pendingForceUpdate": false,
      "_pendingReplaceState": false,
      "_pendingStateQueue": null,
      "_renderedComponent": NoopInternalComponent {
        "_currentElement": <div
          className="panel panel-info removePadding"
>
          <div
                    className="panel-body removePadding"
          >
                    <div
                              className="container-fluid"
                    >
                              <div
                                        className="row"
                              >
                                        <div
                                                  className="col-xs-12 removePadding"
                                        >
                                                  <ul
                                                            className="list-group removeMargin"
                                                  >
                                                            <div>
                                                                      <li
                                                                                className="list-group-item"
                                                                      >
                                                                                <strong />
                                                                      </li>
                                                                      <select
                                                                                className="form-control"
                                                                                id="alternative-selector"
                                                                                name="alternative-selector"
                                                                                onChange={[Function]}
                                                                                type="alternative-selector"
                                                                      >
                                                                                <option
                                                                                          value="chooseAnswer"
                                                                                >
                                                                                          Choose an answer
                                                                                </option>
                                                                      </select>
                                                            </div>
                                                  </ul>
                                        </div>
                              </div>
                    </div>
          </div>
</div>,
        "_debugID": 2,
        "_renderedOutput": <div
          className="panel panel-info removePadding"
>
          <div
                    className="panel-body removePadding"
          >
                    <div
                              className="container-fluid"
                    >
                              <div
                                        className="row"
                              >
                                        <div
                                                  className="col-xs-12 removePadding"
                                        >
                                                  <ul
                                                            className="list-group removeMargin"
                                                  >
                                                            <div>
                                                                      <li
                                                                                className="list-group-item"
                                                                      >
                                                                                <strong />
                                                                      </li>
                                                                      <select
                                                                                className="form-control"
                                                                                id="alternative-selector"
                                                                                name="alternative-selector"
                                                                                onChange={[Function]}
                                                                                type="alternative-selector"
                                                                      >
                                                                                <option
                                                                                          value="chooseAnswer"
                                                                                >
                                                                                          Choose an answer
                                                                                </option>
                                                                      </select>
                                                            </div>
                                                  </ul>
                                        </div>
                              </div>
                    </div>
          </div>
</div>,
      },
      "_renderedNodeType": 0,
      "_rootNodeID": 0,
      "_topLevelWrapper": null,
      "_updateBatchNumber": null,
      "_warnedAboutRefsInRender": false,
    },
    "getRenderOutput": [Function],
    "render": [Function],
  },
  "root": [Circular],
  "unrendered": <SingleQueries
    queries={
        Object {
            "answers": "Testing answers",
          }
    }
/>,
}
`;
