// Jest Snapshot v1, https://goo.gl/fbAQLP

exports[`VerifyEmailPage renders without crashing 1`] = `
<div
  className="container"
>
  <div
    className="row"
  >
    <div
      className="col-xs-12"
    >
      <h3>
        Verify Your Account
      </h3>
      <hr />
    </div>
  </div>
  <div
    className="row undefined"
  >
    <div
      className="col-sm-offset-4 col-xs-12 col-sm-4"
    >
      <p
        className="alert alert-warning"
      >
        We are verifying your account.
      </p>
    </div>
  </div>
</div>
`;
