// Jest Snapshot v1, https://goo.gl/fbAQLP

exports[`ViewFeedbackPage renders without crashing 1`] = `
ShallowWrapper {
  "complexSelector": ComplexSelector {
    "buildPredicate": [Function],
    "childrenOfNode": [Function],
    "findWhereUnwrapped": [Function],
  },
  "length": 1,
  "node": <SideEffect(DocumentTitle)
    title="View Feedback"
>
    <div
        className="container"
    >
        <div
            className="row"
        >
            <div
                className="col-xs-12"
            >
                <br />
                <h3>
                    View Feedback
                </h3>
                <hr />
            </div>
        </div>
        <div
            className="col-xs-12 col-sm-12"
        >
            <p>
                Choose the course to see feedback in: 
            </p>
            <select
                className="form-control"
                id="subject-selector"
                name="subject-selector"
                onChange={[Function]}
                type="subject-selector"
                value="chooseCourse"
            >
                <option
                    value="chooseCourse"
                >
                    Choose course
                </option>
            </select>
            <hr />
        </div>
        <div
            className="col-sm-10 col-xs-12"
        >
            <div>
                <h5>
                    Choose an option to view feedback.
                </h5>
            </div>
        </div>
    </div>
</SideEffect(DocumentTitle)>,
  "nodes": Array [
    <SideEffect(DocumentTitle)
      title="View Feedback"
>
      <div
            className="container"
      >
            <div
                  className="row"
            >
                  <div
                        className="col-xs-12"
                  >
                        <br />
                        <h3>
                              View Feedback
                        </h3>
                        <hr />
                  </div>
            </div>
            <div
                  className="col-xs-12 col-sm-12"
            >
                  <p>
                        Choose the course to see feedback in: 
                  </p>
                  <select
                        className="form-control"
                        id="subject-selector"
                        name="subject-selector"
                        onChange={[Function]}
                        type="subject-selector"
                        value="chooseCourse"
                  >
                        <option
                              value="chooseCourse"
                        >
                              Choose course
                        </option>
                  </select>
                  <hr />
            </div>
            <div
                  className="col-sm-10 col-xs-12"
            >
                  <div>
                        <h5>
                              Choose an option to view feedback.
                        </h5>
                  </div>
            </div>
      </div>
</SideEffect(DocumentTitle)>,
  ],
  "options": Object {
    "context": Object {
      "user": Object {
        "customData": Object {
          "courses": "TDT4120 - Algoritmer og datastrukturer",
        },
        "email": "hans@ntnu.no",
      },
    },
  },
  "renderer": ReactShallowRenderer {
    "_instance": ShallowComponentWrapper {
      "_calledComponentWillUnmount": false,
      "_compositeType": 0,
      "_context": Object {
        "user": Object {
          "customData": Object {
            "courses": "TDT4120 - Algoritmer og datastrukturer",
          },
          "email": "hans@ntnu.no",
        },
      },
      "_currentElement": <ViewFeedbackPage />,
      "_debugID": 1,
      "_hostContainerInfo": null,
      "_hostParent": null,
      "_instance": ViewFeedbackPage {
        "_reactInternalInstance": [Circular],
        "context": Object {
          "user": Object {
            "customData": Object {
              "courses": "TDT4120 - Algoritmer og datastrukturer",
            },
            "email": "hans@ntnu.no",
          },
        },
        "handleFiltering": [Function],
        "props": Object {},
        "refs": Object {},
        "state": Object {
          "feedback": Array [],
          "filterOption": "chooseCourse",
          "filteredFeedback": Array [],
          "myCourses": Array [],
          "showWarning": false,
        },
        "updater": Object {
          "enqueueCallback": [Function],
          "enqueueCallbackInternal": [Function],
          "enqueueElementInternal": [Function],
          "enqueueForceUpdate": [Function],
          "enqueueReplaceState": [Function],
          "enqueueSetState": [Function],
          "isMounted": [Function],
          "validateCallback": [Function],
        },
      },
      "_mountOrder": 1,
      "_pendingCallbacks": null,
      "_pendingElement": null,
      "_pendingForceUpdate": false,
      "_pendingReplaceState": false,
      "_pendingStateQueue": null,
      "_renderedComponent": NoopInternalComponent {
        "_currentElement": <SideEffect(DocumentTitle)
          title="View Feedback"
>
          <div
                    className="container"
          >
                    <div
                              className="row"
                    >
                              <div
                                        className="col-xs-12"
                              >
                                        <br />
                                        <h3>
                                                  View Feedback
                                        </h3>
                                        <hr />
                              </div>
                    </div>
                    <div
                              className="col-xs-12 col-sm-12"
                    >
                              <p>
                                        Choose the course to see feedback in: 
                              </p>
                              <select
                                        className="form-control"
                                        id="subject-selector"
                                        name="subject-selector"
                                        onChange={[Function]}
                                        type="subject-selector"
                                        value="chooseCourse"
                              >
                                        <option
                                                  value="chooseCourse"
                                        >
                                                  Choose course
                                        </option>
                              </select>
                              <hr />
                    </div>
                    <div
                              className="col-sm-10 col-xs-12"
                    >
                              <div>
                                        <h5>
                                                  Choose an option to view feedback.
                                        </h5>
                              </div>
                    </div>
          </div>
</SideEffect(DocumentTitle)>,
        "_debugID": 2,
        "_renderedOutput": <SideEffect(DocumentTitle)
          title="View Feedback"
>
          <div
                    className="container"
          >
                    <div
                              className="row"
                    >
                              <div
                                        className="col-xs-12"
                              >
                                        <br />
                                        <h3>
                                                  View Feedback
                                        </h3>
                                        <hr />
                              </div>
                    </div>
                    <div
                              className="col-xs-12 col-sm-12"
                    >
                              <p>
                                        Choose the course to see feedback in: 
                              </p>
                              <select
                                        className="form-control"
                                        id="subject-selector"
                                        name="subject-selector"
                                        onChange={[Function]}
                                        type="subject-selector"
                                        value="chooseCourse"
                              >
                                        <option
                                                  value="chooseCourse"
                                        >
                                                  Choose course
                                        </option>
                              </select>
                              <hr />
                    </div>
                    <div
                              className="col-sm-10 col-xs-12"
                    >
                              <div>
                                        <h5>
                                                  Choose an option to view feedback.
                                        </h5>
                              </div>
                    </div>
          </div>
</SideEffect(DocumentTitle)>,
      },
      "_renderedNodeType": 1,
      "_rootNodeID": 0,
      "_topLevelWrapper": null,
      "_updateBatchNumber": null,
      "_warnedAboutRefsInRender": false,
    },
    "getRenderOutput": [Function],
    "render": [Function],
  },
  "root": [Circular],
  "unrendered": <ViewFeedbackPage />,
}
`;
